
> cmms@0.0.0 build
> vite build

[36mvite v6.3.4 [32mbuilding for production...[36m[39m
transforming...
[32mΓ£ô[39m 27 modules transformed.
node.exe : [31mΓ£ù[39m Build failed in 2.28s
At line:1 char:1
+ & "C:\nvm4w\nodejs/node.exe" 
"C:\nvm4w\nodejs/node_modules/npm/bin/np ...
+ ~~~~~~~~~~~~~~~~~~~~~~~~~~~~~~~~~~~~~~~~~~~~~~~~~~~~~~~~~~~~~~
~~~~~~~
    + CategoryInfo          : NotSpecified: ([31mΓ£ù[39m Buil 
   d failed in 2.28s:String) [], RemoteException
    + FullyQualifiedErrorId : NativeCommandError
 
[31merror during build:
[31m[vite:esbuild] Transform failed with 2 errors:
C:/Users/BODAWERK/Documents/Development/warp 
projects/gogo_cmms/src/pages/Technicians.tsx:683:9: ERROR: The 
character "}" is not valid inside a JSX element
C:/Users/BODAWERK/Documents/Development/warp 
projects/gogo_cmms/src/pages/Technicians.tsx:707:9: ERROR: 
Expected ":" but found ";"[31m
file: [36mC:/Users/BODAWERK/Documents/Development/warp 
projects/gogo_cmms/src/pages/Technicians.tsx:683:9[31m
[33m
[33mThe character "}" is not valid inside a JSX element[33m
681|                  </div>
682|                </div>
683|          )}
   |           ^
684|              </div>
685|  

[33mExpected ":" but found ";"[33m
705|              />
706|            </div>
707|          );
   |           ^
708|  };
709|  
[31m
    at failureErrorWithLog 
(C:\Users\BODAWERK\Documents\Development\warp projects\gogo_cmms
\node_modules\.pnpm\esbuild@0.25.3\node_modules\esbuild\lib\main
.js:1477:15)
    at C:\Users\BODAWERK\Documents\Development\warp projects\gog
o_cmms\node_modules\.pnpm\esbuild@0.25.3\node_modules\esbuild\li
b\main.js:756:50
    at responseCallbacks.<computed> 
(C:\Users\BODAWERK\Documents\Development\warp projects\gogo_cmms
\node_modules\.pnpm\esbuild@0.25.3\node_modules\esbuild\lib\main
.js:623:9)
    at handleIncomingPacket 
(C:\Users\BODAWERK\Documents\Development\warp projects\gogo_cmms
\node_modules\.pnpm\esbuild@0.25.3\node_modules\esbuild\lib\main
.js:678:12)
    at Socket.readFromStdout 
(C:\Users\BODAWERK\Documents\Development\warp projects\gogo_cmms
\node_modules\.pnpm\esbuild@0.25.3\node_modules\esbuild\lib\main
.js:601:7)
    at Socket.emit (node:events:519:28)
    at addChunk (node:internal/streams/readable:561:12)
    at readableAddChunkPushByteMode 
(node:internal/streams/readable:512:3)
    at Readable.push (node:internal/streams/readable:392:5)
    at Pipe.onStreamRead 
(node:internal/stream_base_commons:189:23)[39m
